{
    "failed_checks": [
        {
            "file": "/.github/workflows/build.yml",
            "findings": [
                {
                    "resource": "on(build application)",
                    "check_ids": [
                        "CKV2_GHA_1"
                    ]
                }
            ]
        },
        {
            "file": "/.github/workflows/checkov.yaml",
            "findings": [
                {
                    "resource": "on(checkov)",
                    "check_ids": [
                        "CKV2_GHA_1"
                    ]
                }
            ]
        },
        {
            "file": "/.github/workflows/cleanup-branches.yaml",
            "findings": [
                {
                    "resource": "on(cleanup branches)",
                    "check_ids": [
                        "CKV2_GHA_1"
                    ]
                }
            ]
        },
        {
            "file": "/.github/workflows/codeql-analysis.yaml",
            "findings": [
                {
                    "resource": "on(code quality check)",
                    "check_ids": [
                        "CKV2_GHA_1"
                    ]
                }
            ]
        },
        {
            "file": "/abods-api/template.yaml",
            "findings": [
                {
                    "resource": "AWS::CloudFront::Distribution.CloudFrontDistribution",
                    "check_ids": [
                        "CKV_AWS_68"
                    ]
                },
                {
                    "resource": "AWS::EC2::SecurityGroup.GraphQlFunctionSecurityGroup",
                    "check_ids": [
                        "CKV_AWS_23"
                    ]
                },
                {
                    "resource": "AWS::S3::Bucket.FrontendBucket",
                    "check_ids": [
                        "CKV_AWS_18",
                        "CKV_AWS_21"
                    ]
                },
                {
                    "resource": "AWS::Serverless::Api.GraphQlApi",
                    "check_ids": [
                        "CKV_AWS_120",
                        "CKV_AWS_76"
                    ]
                },
                {
                    "resource": "AWS::Serverless::Api.PrivateGraphQlApi",
                    "check_ids": [
                        "CKV_AWS_120",
                        "CKV_AWS_76"
                    ]
                },
                {
                    "resource": "AWS::Serverless::Function.GraphQlFunction",
                    "check_ids": [
                        "CKV_AWS_115",
                        "CKV_AWS_116"
                    ]
                }
            ]
        },
        {
            "file": "/venv/lib/python3.11/site-packages/checkov/common/util/dockerfile.py",
            "findings": [
                {
                    "resource": "/venv/lib/python3.11/site-packages/checkov/common/util/dockerfile.py.",
                    "check_ids": [
                        "CKV_DOCKER_2",
                        "CKV_DOCKER_3"
                    ]
                }
            ]
        }
    ]
}